Archive member included because of file (symbol)

C:\Program Files (x86)\GNU Tools ARM Embedded\4.7 2013q3\lib\gcc\arm-none-eabi\4.7.4\armv6-m\libgcc.a(_fixunsdfsi.o)
                              motorTest.elf (__aeabi_d2uiz)
C:\Program Files (x86)\GNU Tools ARM Embedded\4.7 2013q3\lib\gcc\arm-none-eabi\4.7.4\armv6-m\libgcc.a(subdf3.o)
                              C:\Program Files (x86)\GNU Tools ARM Embedded\4.7 2013q3\lib\gcc\arm-none-eabi\4.7.4\armv6-m\libgcc.a(_fixunsdfsi.o) (__aeabi_dsub)
C:\Program Files (x86)\GNU Tools ARM Embedded\4.7 2013q3\lib\gcc\arm-none-eabi\4.7.4\armv6-m\libgcc.a(fixdfsi.o)
                              C:\Program Files (x86)\GNU Tools ARM Embedded\4.7 2013q3\lib\gcc\arm-none-eabi\4.7.4\armv6-m\libgcc.a(_fixunsdfsi.o) (__aeabi_d2iz)
C:\Program Files (x86)\GNU Tools ARM Embedded\4.7 2013q3\lib\gcc\arm-none-eabi\4.7.4\armv6-m\libgcc.a(floatunsidf.o)
                              motorTest.elf (__aeabi_ui2d)
C:\Program Files (x86)\GNU Tools ARM Embedded\4.7 2013q3\lib\gcc\arm-none-eabi\4.7.4\armv6-m\libgcc.a(_arm_cmpdf2.o)
                              C:\Program Files (x86)\GNU Tools ARM Embedded\4.7 2013q3\lib\gcc\arm-none-eabi\4.7.4\armv6-m\libgcc.a(_fixunsdfsi.o) (__aeabi_dcmpge)
C:\Program Files (x86)\GNU Tools ARM Embedded\4.7 2013q3\lib\gcc\arm-none-eabi\4.7.4\armv6-m\libgcc.a(_clzsi2.o)
                              C:\Program Files (x86)\GNU Tools ARM Embedded\4.7 2013q3\lib\gcc\arm-none-eabi\4.7.4\armv6-m\libgcc.a(subdf3.o) (__clzsi2)
C:\Program Files (x86)\GNU Tools ARM Embedded\4.7 2013q3\lib\gcc\arm-none-eabi\4.7.4\armv6-m\libgcc.a(eqdf2.o)
                              C:\Program Files (x86)\GNU Tools ARM Embedded\4.7 2013q3\lib\gcc\arm-none-eabi\4.7.4\armv6-m\libgcc.a(_arm_cmpdf2.o) (__eqdf2)
C:\Program Files (x86)\GNU Tools ARM Embedded\4.7 2013q3\lib\gcc\arm-none-eabi\4.7.4\armv6-m\libgcc.a(gedf2.o)
                              C:\Program Files (x86)\GNU Tools ARM Embedded\4.7 2013q3\lib\gcc\arm-none-eabi\4.7.4\armv6-m\libgcc.a(_arm_cmpdf2.o) (__gedf2)
C:\Program Files (x86)\GNU Tools ARM Embedded\4.7 2013q3\lib\gcc\arm-none-eabi\4.7.4\armv6-m\libgcc.a(ledf2.o)
                              C:\Program Files (x86)\GNU Tools ARM Embedded\4.7 2013q3\lib\gcc\arm-none-eabi\4.7.4\armv6-m\libgcc.a(_arm_cmpdf2.o) (__ledf2)

Allocating common symbols
Common symbol       size              file

dealerMotor         0x40              motorTest.elf
wheelMotor          0x40              motorTest.elf
cardDetector        0x18              motorTest.elf
liftMotor           0x40              motorTest.elf
movingMotor         0x4               bin_arm/armUtil.o
motorDirection      0x4               bin_arm/armUtil.o
liftDetector        0x18              motorTest.elf
stepsToCount        0x4               bin_arm/armUtil.o

Memory Configuration

Name             Origin             Length             Attributes
flash            0x00000000         0x00008000
ram              0x10000000         0x00002000
*default*        0x00000000         0xffffffff

Linker script and memory map

LOAD bin_arm/init.o
LOAD bin_arm/armUtil.o
LOAD motorTest.elf
LOAD C:\Program Files (x86)\GNU Tools ARM Embedded\4.7 2013q3\lib\gcc\arm-none-eabi\4.7.4\armv6-m\libgcc.a
                0x00000000                . = ORIGIN (flash)

.text           0x00000000     0x178c
 *(.vectors)
 .vectors       0x00000000       0xc0 bin_arm/init.o
                0x00000000                Vectors
 *(.text)
 .text          0x000000c0       0xec bin_arm/init.o
                0x000000c0                start
                0x000000cc                __clock_init__
                0x00000118                __init__
                0x000001a4                Default_Handler
 .text          0x000001ac      0x768 bin_arm/armUtil.o
                0x000001ac                setCoil
                0x000001f4                unsetCoil
                0x0000023c                stepMotor
                0x00000380                motorsInit
                0x000003b0                motor1Init
                0x000004c0                motor2Init
                0x000005b8                motor3Init
                0x000006cc                timerInit
                0x00000734                timerStart
                0x00000748                timerStop
                0x0000075c                LED2init
                0x00000794                LED3init
                0x000007f0                uartInit
                0x00000898                moveMotor
                0x000008dc                waitForMotor
                0x000008f4                haltMotor
 .text          0x00000914      0x374 motorTest.elf
                0x00000914                button1init
                0x00000994                button2init
                0x00000a1c                pollButton
                0x00000a40                ISR_CT16B0
                0x00000aa0                init
                0x00000afc                hardDelay
                0x00000b50                LED2off
                0x00000b70                LED2on
                0x00000b8c                main
 .text          0x00000c88       0x40 C:\Program Files (x86)\GNU Tools ARM Embedded\4.7 2013q3\lib\gcc\arm-none-eabi\4.7.4\armv6-m\libgcc.a(_fixunsdfsi.o)
                0x00000c88                __aeabi_d2uiz
                0x00000c88                __fixunsdfsi
 .text          0x00000cc8      0x704 C:\Program Files (x86)\GNU Tools ARM Embedded\4.7 2013q3\lib\gcc\arm-none-eabi\4.7.4\armv6-m\libgcc.a(subdf3.o)
                0x00000cc8                __aeabi_dsub
 .text          0x000013cc       0x68 C:\Program Files (x86)\GNU Tools ARM Embedded\4.7 2013q3\lib\gcc\arm-none-eabi\4.7.4\armv6-m\libgcc.a(fixdfsi.o)
                0x000013cc                __aeabi_d2iz
 .text          0x00001434       0x64 C:\Program Files (x86)\GNU Tools ARM Embedded\4.7 2013q3\lib\gcc\arm-none-eabi\4.7.4\armv6-m\libgcc.a(floatunsidf.o)
                0x00001434                __aeabi_ui2d
 .text          0x00001498       0x7c C:\Program Files (x86)\GNU Tools ARM Embedded\4.7 2013q3\lib\gcc\arm-none-eabi\4.7.4\armv6-m\libgcc.a(_arm_cmpdf2.o)
                0x00001498                __aeabi_cdrcmple
                0x000014a8                __aeabi_cdcmple
                0x000014a8                __aeabi_cdcmpeq
                0x000014b8                __aeabi_dcmpeq
                0x000014c4                __aeabi_dcmplt
                0x000014d8                __aeabi_dcmple
                0x000014ec                __aeabi_dcmpgt
                0x00001500                __aeabi_dcmpge
 .text          0x00001514       0x3c C:\Program Files (x86)\GNU Tools ARM Embedded\4.7 2013q3\lib\gcc\arm-none-eabi\4.7.4\armv6-m\libgcc.a(_clzsi2.o)
                0x00001514                __clzsi2
 .text          0x00001550       0x7c C:\Program Files (x86)\GNU Tools ARM Embedded\4.7 2013q3\lib\gcc\arm-none-eabi\4.7.4\armv6-m\libgcc.a(eqdf2.o)
                0x00001550                __nedf2
                0x00001550                __eqdf2
 .text          0x000015cc       0xe8 C:\Program Files (x86)\GNU Tools ARM Embedded\4.7 2013q3\lib\gcc\arm-none-eabi\4.7.4\armv6-m\libgcc.a(gedf2.o)
                0x000015cc                __gedf2
                0x000015cc                __gtdf2
 .text          0x000016b4       0xd8 C:\Program Files (x86)\GNU Tools ARM Embedded\4.7 2013q3\lib\gcc\arm-none-eabi\4.7.4\armv6-m\libgcc.a(ledf2.o)
                0x000016b4                __ledf2
                0x000016b4                __ltdf2

.glue_7         0x0000178c        0x0
 .glue_7        0x00000000        0x0 linker stubs

.glue_7t        0x0000178c        0x0
 .glue_7t       0x00000000        0x0 linker stubs

.vfp11_veneer   0x0000178c        0x0
 .vfp11_veneer  0x00000000        0x0 linker stubs

.v4_bx          0x0000178c        0x0
 .v4_bx         0x00000000        0x0 linker stubs

.iplt           0x0000178c        0x0
 .iplt          0x00000000        0x0 bin_arm/init.o

.rel.dyn        0x0000178c        0x0
 .rel.iplt      0x00000000        0x0 bin_arm/init.o

.rodata         0x0000178c       0x40
 .rodata        0x0000178c       0x40 bin_arm/armUtil.o
                0x10000000                . = ORIGIN (ram)

.data           0x10000000        0x0 load address 0x000017cc
                0x000017cc                INIT_DATA_VALUES = LOADADDR (.data)
                0x10000000                INIT_DATA_START = .
 *(.data)
 .data          0x10000000        0x0 bin_arm/init.o
 .data          0x10000000        0x0 bin_arm/armUtil.o
 .data          0x10000000        0x0 motorTest.elf
 .data          0x10000000        0x0 C:\Program Files (x86)\GNU Tools ARM Embedded\4.7 2013q3\lib\gcc\arm-none-eabi\4.7.4\armv6-m\libgcc.a(_fixunsdfsi.o)
 .data          0x10000000        0x0 C:\Program Files (x86)\GNU Tools ARM Embedded\4.7 2013q3\lib\gcc\arm-none-eabi\4.7.4\armv6-m\libgcc.a(subdf3.o)
 .data          0x10000000        0x0 C:\Program Files (x86)\GNU Tools ARM Embedded\4.7 2013q3\lib\gcc\arm-none-eabi\4.7.4\armv6-m\libgcc.a(fixdfsi.o)
 .data          0x10000000        0x0 C:\Program Files (x86)\GNU Tools ARM Embedded\4.7 2013q3\lib\gcc\arm-none-eabi\4.7.4\armv6-m\libgcc.a(floatunsidf.o)
 .data          0x10000000        0x0 C:\Program Files (x86)\GNU Tools ARM Embedded\4.7 2013q3\lib\gcc\arm-none-eabi\4.7.4\armv6-m\libgcc.a(_arm_cmpdf2.o)
 .data          0x10000000        0x0 C:\Program Files (x86)\GNU Tools ARM Embedded\4.7 2013q3\lib\gcc\arm-none-eabi\4.7.4\armv6-m\libgcc.a(_clzsi2.o)
 .data          0x10000000        0x0 C:\Program Files (x86)\GNU Tools ARM Embedded\4.7 2013q3\lib\gcc\arm-none-eabi\4.7.4\armv6-m\libgcc.a(eqdf2.o)
 .data          0x10000000        0x0 C:\Program Files (x86)\GNU Tools ARM Embedded\4.7 2013q3\lib\gcc\arm-none-eabi\4.7.4\armv6-m\libgcc.a(gedf2.o)
 .data          0x10000000        0x0 C:\Program Files (x86)\GNU Tools ARM Embedded\4.7 2013q3\lib\gcc\arm-none-eabi\4.7.4\armv6-m\libgcc.a(ledf2.o)
                0x10000000                INIT_DATA_END = .
                0x10000000                BSS_START = .

.igot.plt       0x10000000        0x0 load address 0x000017cc
 .igot.plt      0x00000000        0x0 bin_arm/init.o

.bss            0x10000000       0xfc load address 0x000017cc
 *(.bss)
 .bss           0x10000000        0x0 bin_arm/init.o
 .bss           0x10000000        0x0 bin_arm/armUtil.o
 .bss           0x10000000        0x0 motorTest.elf
 .bss           0x10000000        0x0 C:\Program Files (x86)\GNU Tools ARM Embedded\4.7 2013q3\lib\gcc\arm-none-eabi\4.7.4\armv6-m\libgcc.a(_fixunsdfsi.o)
 .bss           0x10000000        0x0 C:\Program Files (x86)\GNU Tools ARM Embedded\4.7 2013q3\lib\gcc\arm-none-eabi\4.7.4\armv6-m\libgcc.a(subdf3.o)
 .bss           0x10000000        0x0 C:\Program Files (x86)\GNU Tools ARM Embedded\4.7 2013q3\lib\gcc\arm-none-eabi\4.7.4\armv6-m\libgcc.a(fixdfsi.o)
 .bss           0x10000000        0x0 C:\Program Files (x86)\GNU Tools ARM Embedded\4.7 2013q3\lib\gcc\arm-none-eabi\4.7.4\armv6-m\libgcc.a(floatunsidf.o)
 .bss           0x10000000        0x0 C:\Program Files (x86)\GNU Tools ARM Embedded\4.7 2013q3\lib\gcc\arm-none-eabi\4.7.4\armv6-m\libgcc.a(_arm_cmpdf2.o)
 .bss           0x10000000        0x0 C:\Program Files (x86)\GNU Tools ARM Embedded\4.7 2013q3\lib\gcc\arm-none-eabi\4.7.4\armv6-m\libgcc.a(_clzsi2.o)
 .bss           0x10000000        0x0 C:\Program Files (x86)\GNU Tools ARM Embedded\4.7 2013q3\lib\gcc\arm-none-eabi\4.7.4\armv6-m\libgcc.a(eqdf2.o)
 .bss           0x10000000        0x0 C:\Program Files (x86)\GNU Tools ARM Embedded\4.7 2013q3\lib\gcc\arm-none-eabi\4.7.4\armv6-m\libgcc.a(gedf2.o)
 .bss           0x10000000        0x0 C:\Program Files (x86)\GNU Tools ARM Embedded\4.7 2013q3\lib\gcc\arm-none-eabi\4.7.4\armv6-m\libgcc.a(ledf2.o)
 COMMON         0x10000000        0xc bin_arm/armUtil.o
                0x10000000                movingMotor
                0x10000004                motorDirection
                0x10000008                stepsToCount
 COMMON         0x1000000c       0xf0 motorTest.elf
                0x1000000c                dealerMotor
                0x1000004c                wheelMotor
                0x1000008c                cardDetector
                0x100000a4                liftMotor
                0x100000e4                liftDetector
                0x100000fc                BSS_END = .
OUTPUT(bin_arm/motorTest.elf elf32-littlearm)

.debug_info     0x00000000      0x808
 .debug_info    0x00000000      0x131 bin_arm/init.o
 .debug_info    0x00000131      0x36a bin_arm/armUtil.o
 .debug_info    0x0000049b      0x36d motorTest.elf

.debug_abbrev   0x00000000      0x311
 .debug_abbrev  0x00000000       0xdf bin_arm/init.o
 .debug_abbrev  0x000000df       0xe7 bin_arm/armUtil.o
 .debug_abbrev  0x000001c6      0x14b motorTest.elf

.debug_loc      0x00000000      0x598
 .debug_loc     0x00000000       0xbc bin_arm/init.o
 .debug_loc     0x000000bc      0x320 bin_arm/armUtil.o
 .debug_loc     0x000003dc      0x1bc motorTest.elf

.debug_aranges  0x00000000       0x60
 .debug_aranges
                0x00000000       0x20 bin_arm/init.o
 .debug_aranges
                0x00000020       0x20 bin_arm/armUtil.o
 .debug_aranges
                0x00000040       0x20 motorTest.elf

.debug_line     0x00000000      0x28b
 .debug_line    0x00000000       0x66 bin_arm/init.o
 .debug_line    0x00000066      0x134 bin_arm/armUtil.o
 .debug_line    0x0000019a       0xf1 motorTest.elf

.debug_str      0x00000000      0x344
 .debug_str     0x00000000      0x107 bin_arm/init.o
                                0x114 (size before relaxing)
 .debug_str     0x00000107      0x143 bin_arm/armUtil.o
                                0x1c3 (size before relaxing)
 .debug_str     0x0000024a       0xfa motorTest.elf
                                0x227 (size before relaxing)

.comment        0x00000000       0x70
 .comment       0x00000000       0x70 bin_arm/init.o
                                 0x71 (size before relaxing)
 .comment       0x00000000       0x71 bin_arm/armUtil.o
 .comment       0x00000000       0x71 motorTest.elf

.ARM.attributes
                0x00000000       0x31
 .ARM.attributes
                0x00000000       0x31 bin_arm/init.o
 .ARM.attributes
                0x00000031       0x31 bin_arm/armUtil.o
 .ARM.attributes
                0x00000062       0x31 motorTest.elf
 .ARM.attributes
                0x00000093       0x2c C:\Program Files (x86)\GNU Tools ARM Embedded\4.7 2013q3\lib\gcc\arm-none-eabi\4.7.4\armv6-m\libgcc.a(_fixunsdfsi.o)
 .ARM.attributes
                0x000000bf       0x2c C:\Program Files (x86)\GNU Tools ARM Embedded\4.7 2013q3\lib\gcc\arm-none-eabi\4.7.4\armv6-m\libgcc.a(subdf3.o)
 .ARM.attributes
                0x000000eb       0x2c C:\Program Files (x86)\GNU Tools ARM Embedded\4.7 2013q3\lib\gcc\arm-none-eabi\4.7.4\armv6-m\libgcc.a(fixdfsi.o)
 .ARM.attributes
                0x00000117       0x2c C:\Program Files (x86)\GNU Tools ARM Embedded\4.7 2013q3\lib\gcc\arm-none-eabi\4.7.4\armv6-m\libgcc.a(floatunsidf.o)
 .ARM.attributes
                0x00000143       0x1e C:\Program Files (x86)\GNU Tools ARM Embedded\4.7 2013q3\lib\gcc\arm-none-eabi\4.7.4\armv6-m\libgcc.a(_arm_cmpdf2.o)
 .ARM.attributes
                0x00000161       0x1e C:\Program Files (x86)\GNU Tools ARM Embedded\4.7 2013q3\lib\gcc\arm-none-eabi\4.7.4\armv6-m\libgcc.a(_clzsi2.o)
 .ARM.attributes
                0x0000017f       0x2c C:\Program Files (x86)\GNU Tools ARM Embedded\4.7 2013q3\lib\gcc\arm-none-eabi\4.7.4\armv6-m\libgcc.a(eqdf2.o)
 .ARM.attributes
                0x000001ab       0x2c C:\Program Files (x86)\GNU Tools ARM Embedded\4.7 2013q3\lib\gcc\arm-none-eabi\4.7.4\armv6-m\libgcc.a(gedf2.o)
 .ARM.attributes
                0x000001d7       0x2c C:\Program Files (x86)\GNU Tools ARM Embedded\4.7 2013q3\lib\gcc\arm-none-eabi\4.7.4\armv6-m\libgcc.a(ledf2.o)

.debug_frame    0x00000000      0x4f4
 .debug_frame   0x00000000       0x84 bin_arm/init.o
 .debug_frame   0x00000084      0x1f0 bin_arm/armUtil.o
 .debug_frame   0x00000274      0x120 motorTest.elf
 .debug_frame   0x00000394       0x2c C:\Program Files (x86)\GNU Tools ARM Embedded\4.7 2013q3\lib\gcc\arm-none-eabi\4.7.4\armv6-m\libgcc.a(_fixunsdfsi.o)
 .debug_frame   0x000003c0       0x38 C:\Program Files (x86)\GNU Tools ARM Embedded\4.7 2013q3\lib\gcc\arm-none-eabi\4.7.4\armv6-m\libgcc.a(subdf3.o)
 .debug_frame   0x000003f8       0x2c C:\Program Files (x86)\GNU Tools ARM Embedded\4.7 2013q3\lib\gcc\arm-none-eabi\4.7.4\armv6-m\libgcc.a(fixdfsi.o)
 .debug_frame   0x00000424       0x2c C:\Program Files (x86)\GNU Tools ARM Embedded\4.7 2013q3\lib\gcc\arm-none-eabi\4.7.4\armv6-m\libgcc.a(floatunsidf.o)
 .debug_frame   0x00000450       0x34 C:\Program Files (x86)\GNU Tools ARM Embedded\4.7 2013q3\lib\gcc\arm-none-eabi\4.7.4\armv6-m\libgcc.a(eqdf2.o)
 .debug_frame   0x00000484       0x38 C:\Program Files (x86)\GNU Tools ARM Embedded\4.7 2013q3\lib\gcc\arm-none-eabi\4.7.4\armv6-m\libgcc.a(gedf2.o)
 .debug_frame   0x000004bc       0x38 C:\Program Files (x86)\GNU Tools ARM Embedded\4.7 2013q3\lib\gcc\arm-none-eabi\4.7.4\armv6-m\libgcc.a(ledf2.o)

Cross Reference Table

Symbol                                            File
BSS_END                                           bin_arm/init.o
BSS_START                                         bin_arm/init.o
Default_Handler                                   bin_arm/init.o
INIT_DATA_END                                     bin_arm/init.o
INIT_DATA_START                                   bin_arm/init.o
INIT_DATA_VALUES                                  bin_arm/init.o
ISR_CT16B0                                        motorTest.elf
                                                  bin_arm/init.o
LED2init                                          bin_arm/armUtil.o
                                                  motorTest.elf
LED2off                                           motorTest.elf
LED2on                                            motorTest.elf
LED3init                                          bin_arm/armUtil.o
                                                  motorTest.elf
Vectors                                           bin_arm/init.o
__aeabi_cdcmpeq                                   C:\Program Files (x86)\GNU Tools ARM Embedded\4.7 2013q3\lib\gcc\arm-none-eabi\4.7.4\armv6-m\libgcc.a(_arm_cmpdf2.o)
__aeabi_cdcmple                                   C:\Program Files (x86)\GNU Tools ARM Embedded\4.7 2013q3\lib\gcc\arm-none-eabi\4.7.4\armv6-m\libgcc.a(_arm_cmpdf2.o)
__aeabi_cdrcmple                                  C:\Program Files (x86)\GNU Tools ARM Embedded\4.7 2013q3\lib\gcc\arm-none-eabi\4.7.4\armv6-m\libgcc.a(_arm_cmpdf2.o)
__aeabi_d2iz                                      C:\Program Files (x86)\GNU Tools ARM Embedded\4.7 2013q3\lib\gcc\arm-none-eabi\4.7.4\armv6-m\libgcc.a(fixdfsi.o)
                                                  C:\Program Files (x86)\GNU Tools ARM Embedded\4.7 2013q3\lib\gcc\arm-none-eabi\4.7.4\armv6-m\libgcc.a(_fixunsdfsi.o)
__aeabi_d2uiz                                     C:\Program Files (x86)\GNU Tools ARM Embedded\4.7 2013q3\lib\gcc\arm-none-eabi\4.7.4\armv6-m\libgcc.a(_fixunsdfsi.o)
                                                  motorTest.elf
__aeabi_dcmpeq                                    C:\Program Files (x86)\GNU Tools ARM Embedded\4.7 2013q3\lib\gcc\arm-none-eabi\4.7.4\armv6-m\libgcc.a(_arm_cmpdf2.o)
__aeabi_dcmpge                                    C:\Program Files (x86)\GNU Tools ARM Embedded\4.7 2013q3\lib\gcc\arm-none-eabi\4.7.4\armv6-m\libgcc.a(_arm_cmpdf2.o)
                                                  C:\Program Files (x86)\GNU Tools ARM Embedded\4.7 2013q3\lib\gcc\arm-none-eabi\4.7.4\armv6-m\libgcc.a(_fixunsdfsi.o)
__aeabi_dcmpgt                                    C:\Program Files (x86)\GNU Tools ARM Embedded\4.7 2013q3\lib\gcc\arm-none-eabi\4.7.4\armv6-m\libgcc.a(_arm_cmpdf2.o)
__aeabi_dcmple                                    C:\Program Files (x86)\GNU Tools ARM Embedded\4.7 2013q3\lib\gcc\arm-none-eabi\4.7.4\armv6-m\libgcc.a(_arm_cmpdf2.o)
__aeabi_dcmplt                                    C:\Program Files (x86)\GNU Tools ARM Embedded\4.7 2013q3\lib\gcc\arm-none-eabi\4.7.4\armv6-m\libgcc.a(_arm_cmpdf2.o)
__aeabi_dsub                                      C:\Program Files (x86)\GNU Tools ARM Embedded\4.7 2013q3\lib\gcc\arm-none-eabi\4.7.4\armv6-m\libgcc.a(subdf3.o)
                                                  C:\Program Files (x86)\GNU Tools ARM Embedded\4.7 2013q3\lib\gcc\arm-none-eabi\4.7.4\armv6-m\libgcc.a(_fixunsdfsi.o)
__aeabi_ui2d                                      C:\Program Files (x86)\GNU Tools ARM Embedded\4.7 2013q3\lib\gcc\arm-none-eabi\4.7.4\armv6-m\libgcc.a(floatunsidf.o)
                                                  motorTest.elf
__clock_init__                                    bin_arm/init.o
__clzsi2                                          C:\Program Files (x86)\GNU Tools ARM Embedded\4.7 2013q3\lib\gcc\arm-none-eabi\4.7.4\armv6-m\libgcc.a(_clzsi2.o)
                                                  C:\Program Files (x86)\GNU Tools ARM Embedded\4.7 2013q3\lib\gcc\arm-none-eabi\4.7.4\armv6-m\libgcc.a(floatunsidf.o)
                                                  C:\Program Files (x86)\GNU Tools ARM Embedded\4.7 2013q3\lib\gcc\arm-none-eabi\4.7.4\armv6-m\libgcc.a(subdf3.o)
__eqdf2                                           C:\Program Files (x86)\GNU Tools ARM Embedded\4.7 2013q3\lib\gcc\arm-none-eabi\4.7.4\armv6-m\libgcc.a(eqdf2.o)
                                                  C:\Program Files (x86)\GNU Tools ARM Embedded\4.7 2013q3\lib\gcc\arm-none-eabi\4.7.4\armv6-m\libgcc.a(_arm_cmpdf2.o)
__fixunsdfsi                                      C:\Program Files (x86)\GNU Tools ARM Embedded\4.7 2013q3\lib\gcc\arm-none-eabi\4.7.4\armv6-m\libgcc.a(_fixunsdfsi.o)
__gedf2                                           C:\Program Files (x86)\GNU Tools ARM Embedded\4.7 2013q3\lib\gcc\arm-none-eabi\4.7.4\armv6-m\libgcc.a(gedf2.o)
                                                  C:\Program Files (x86)\GNU Tools ARM Embedded\4.7 2013q3\lib\gcc\arm-none-eabi\4.7.4\armv6-m\libgcc.a(_arm_cmpdf2.o)
__gtdf2                                           C:\Program Files (x86)\GNU Tools ARM Embedded\4.7 2013q3\lib\gcc\arm-none-eabi\4.7.4\armv6-m\libgcc.a(gedf2.o)
__init__                                          bin_arm/init.o
__ledf2                                           C:\Program Files (x86)\GNU Tools ARM Embedded\4.7 2013q3\lib\gcc\arm-none-eabi\4.7.4\armv6-m\libgcc.a(ledf2.o)
                                                  C:\Program Files (x86)\GNU Tools ARM Embedded\4.7 2013q3\lib\gcc\arm-none-eabi\4.7.4\armv6-m\libgcc.a(_arm_cmpdf2.o)
__ltdf2                                           C:\Program Files (x86)\GNU Tools ARM Embedded\4.7 2013q3\lib\gcc\arm-none-eabi\4.7.4\armv6-m\libgcc.a(ledf2.o)
__nedf2                                           C:\Program Files (x86)\GNU Tools ARM Embedded\4.7 2013q3\lib\gcc\arm-none-eabi\4.7.4\armv6-m\libgcc.a(eqdf2.o)
button1init                                       motorTest.elf
button2init                                       motorTest.elf
cardDetector                                      motorTest.elf
dealerMotor                                       motorTest.elf
haltMotor                                         bin_arm/armUtil.o
                                                  motorTest.elf
hardDelay                                         motorTest.elf
init                                              motorTest.elf
liftDetector                                      motorTest.elf
liftMotor                                         motorTest.elf
main                                              motorTest.elf
                                                  bin_arm/init.o
motor1Init                                        bin_arm/armUtil.o
motor2Init                                        bin_arm/armUtil.o
motor3Init                                        bin_arm/armUtil.o
motorDirection                                    motorTest.elf
                                                  bin_arm/armUtil.o
motorsInit                                        bin_arm/armUtil.o
                                                  motorTest.elf
moveMotor                                         bin_arm/armUtil.o
                                                  motorTest.elf
movingMotor                                       motorTest.elf
                                                  bin_arm/armUtil.o
pollButton                                        motorTest.elf
setCoil                                           bin_arm/armUtil.o
                                                  motorTest.elf
start                                             bin_arm/init.o
stepMotor                                         bin_arm/armUtil.o
                                                  motorTest.elf
stepsToCount                                      motorTest.elf
                                                  bin_arm/armUtil.o
timerInit                                         bin_arm/armUtil.o
timerStart                                        bin_arm/armUtil.o
timerStop                                         bin_arm/armUtil.o
                                                  motorTest.elf
uartInit                                          bin_arm/armUtil.o
                                                  motorTest.elf
unsetCoil                                         bin_arm/armUtil.o
waitForMotor                                      bin_arm/armUtil.o
                                                  motorTest.elf
wheelMotor                                        motorTest.elf
